// Jest Snapshot v1, https://goo.gl/fbAQLP

exports[`containers/CreateAssistant renders correctly 1`] = `
<div
  className="zui-layout__content zui-color--grey-100"
>
  <section
    className="zui-color--white zui-shadow--2dp"
    style={
      Object {
        "margin": "16px",
      }
    }
  >
    <div
      style={
        Object {
          "padding": "16px",
        }
      }
    >
      <h4
        style={
          Object {
            "color": "rgba(0, 0, 0, 0.87)",
            "fontSize": "16px",
            "marginBottom": "16px",
            "marginTop": "0px",
          }
        }
      >
        Welcome
      </h4>
      <div
        style={
          Object {
            "color": "rgba(0, 0, 0, 0.54)",
          }
        }
      >
        Create your open conversational robot at the speed of light. Just follow the instructions, no coding required !
      </div>
    </div>
  </section>
  <section
    className="zui-color--white zui-shadow--2dp"
    style={
      Object {
        "margin": "16px",
      }
    }
  >
    <div
      style={
        Object {
          "padding": "16px",
        }
      }
    >
      <h4
        style={
          Object {
            "color": "rgba(0, 0, 0, 0.87)",
            "fontSize": "16px",
            "marginBottom": "16px",
            "marginTop": "0px",
          }
        }
      >
        Templates
      </h4>
      <div
        style={
          Object {
            "color": "rgba(0, 0, 0, 0.54)",
          }
        }
      >
        Choose a prebuild asssistant, import one or select an empty model.
      </div>
    </div>
    <div
      className="mdc-layout-grid"
    >
      <div
        className="mdc-layout-grid__inner"
      >
        <div
          className="opla_assistant_card-box mdc-layout-grid__cell mdc-layout-grid__cell--span-3-desktop mdc-layout-grid__cell--span-4-tablet mdc-layout-grid__cell--span-6-phone mdc-layout-grid__cell--order-1"
        >
          <div
            onClick={[Function]}
            role="presentation"
            style={
              Object {
                "width": "100%",
              }
            }
          >
            <div
              className="opla_assistant_card-container selectableListItem"
            >
              <div
                className="opla_assistant_card-imgContainer"
              >
                <div
                  className="opla_assistant_card-background"
                  style={
                    Object {
                      "backgroundColor": "#4cdbc4",
                    }
                  }
                >
                  <div
                    className="opla_assistant_card-imgMask"
                  >
                    <img
                      alt="Empty"
                      className="opla_assistant_card-img"
                      src="./images/robots/robot-0.svg"
                    />
                  </div>
                </div>
              </div>
              <div
                className="opla_assistant_card-text"
              >
                <b>
                  Empty
                </b>
              </div>
            </div>
          </div>
        </div>
        <div
          className="opla_assistant_card-box mdc-layout-grid__cell mdc-layout-grid__cell--span-3-desktop mdc-layout-grid__cell--span-4-tablet mdc-layout-grid__cell--span-6-phone mdc-layout-grid__cell--order-2"
        >
          <div
            onClick={[Function]}
            role="presentation"
            style={
              Object {
                "width": "100%",
              }
            }
          >
            <div
              className="opla_assistant_card-container selectableListItem"
            >
              <div
                className="opla_assistant_card-imgContainer"
              >
                <form>
                  <div
                    className="fileInput"
                  >
                    <i
                      className="material-icons"
                    >
                      cloud_upload
                    </i>
                    <input
                      accept="application/json"
                      onChange={[Function]}
                      type="file"
                    />
                  </div>
                </form>
              </div>
              <div
                className="opla_assistant_card-text"
              >
                <b>
                  Import
                </b>
              </div>
            </div>
          </div>
        </div>
      </div>
    </div>
  </section>
  <form
    autoComplete="new-password"
    id="create-assistant-form"
    onSubmit={[Function]}
  >
    <section
      className="zui-color--white zui-shadow--2dp"
      style={
        Object {
          "margin": "16px",
        }
      }
    >
      <div
        style={
          Object {
            "padding": "16px",
          }
        }
      >
        <h4
          style={
            Object {
              "color": "rgba(0, 0, 0, 0.87)",
              "fontSize": "16px",
              "marginBottom": "16px",
              "marginTop": "0px",
            }
          }
        >
          Informations needed
        </h4>
        <div
          style={
            Object {
              "color": "rgba(0, 0, 0, 0.54)",
            }
          }
        >
          Please provide the following information. Don't worry. You can always change them later.
        </div>
        <div>
          <div
            className="mdc-text-field mdc-text-field--upgraded"
            style={
              Object {
                "width": "400px",
              }
            }
          >
            <input
              className="mdc-text-field__input"
              defaultValue=""
              id="create-assistant-name"
              onBlur={[Function]}
              onChange={[Function]}
              onFocus={[Function]}
              required={true}
              type="text"
            />
            <label
              className="mdc-floating-label"
              focused="false"
              htmlFor="create-assistant-name"
              style={Object {}}
            >
              Assistant name
            </label>
            <div
              className="mdc-text-field__bottom-line"
            />
          </div>
        </div>
        <div>
          <div
            className="mdc-text-field mdc-text-field--upgraded"
            style={
              Object {
                "width": "400px",
              }
            }
          >
            <input
              className="mdc-text-field__input"
              defaultValue={undefined}
              id="create-assistant-email"
              onBlur={[Function]}
              onChange={[Function]}
              onFocus={[Function]}
              required={true}
              type="email"
            />
            <label
              className="mdc-floating-label"
              focused="false"
              htmlFor="create-assistant-email"
              style={Object {}}
            >
              Contact email
            </label>
            <div
              className="mdc-text-field__bottom-line"
            />
          </div>
        </div>
        <div>
          <div
            aria-hidden={true}
            className="mdc-select"
            onClick={[Function]}
            onKeyUp={[Function]}
            role="listbox"
            style={
              Object {
                "width": "400px",
              }
            }
          >
            <div
              className="mdc-select__native-control"
              tabIndex="0"
            >
              <div
                className="mdc-floating-label mdc-floating-label--float-above"
              >
                Choose language
              </div>
              <div
                className="mdc-select__selected-text"
              >
                English
              </div>
              <div
                className="mdc-line-ripple"
              />
            </div>
            <div
              className="mdc-select__menu mdc-menu"
              tabIndex="-1"
            >
              <ul
                aria-hidden="true"
                className="mdc-menu__items mdc-list"
                role="menu"
              >
                <li
                  aria-selected="true"
                  className="mdc-list-item"
                  onClick={[Function]}
                  onKeyUp={[Function]}
                  role="option"
                  tabIndex="0"
                >
                  English
                </li>
              </ul>
            </div>
          </div>
        </div>
      </div>
    </section>
    <section
      style={
        Object {
          "margin": "16px",
        }
      }
    >
      <div
        style={
          Object {
            "padding": "16px",
          }
        }
      >
        <button
          className="mdc-button mdc-button--raised"
          disabled={false}
          id={null}
          onClick={null}
          type="submit"
        >
          
          Create
        </button>
      </div>
    </section>
  </form>
</div>
`;
