// Jest Snapshot v1, https://goo.gl/fbAQLP

exports[`components/actionsToolbox can be an input 1`] = `
<div
  onBlur={[Function]}
  onFocus={[Function]}
  style={
    Object {
      "marginLeft": "0px",
      "width": "100%",
    }
  }
>
  <div
    style={
      Object {
        "borderRight": "1px solid #eeeeee",
        "display": "flex",
        "float": "left",
        "height": "22px",
        "padding": "8px 8px 4px 8px",
      }
    }
  >
    <div
      className="mdc-tooltype"
      onMouseEnter={[Function]}
      onWheel={[Function]}
    >
      <i
        className="actionstoolbox-icon material-icons"
        id="atb_text"
        onClick={[Function]}
        onKeyUp={[Function]}
        role="button"
        tabIndex="0"
      >
        text_fields
      </i>
      <span>
        Insert text
      </span>
    </div>
    <div
      className="mdc-tooltype"
      onMouseEnter={[Function]}
      onWheel={[Function]}
    >
      <i
        className="actionstoolbox-icon material-icons"
        id="atb_output_var"
        onClick={[Function]}
        onKeyUp={[Function]}
        role="button"
        tabIndex="0"
      >
        assignment
      </i>
      <span>
        Insert variable assignment
      </span>
    </div>
    <div
      className="mdc-tooltype"
      onMouseEnter={[Function]}
      onWheel={[Function]}
    >
      <i
        className="actionstoolbox-icon material-icons"
        id="atb_any"
        onClick={[Function]}
        onKeyUp={[Function]}
        role="button"
        tabIndex="0"
      >
        all_out
      </i>
      <span>
        Insert block any
      </span>
    </div>
    <div
      className="mdc-tooltype"
      onMouseEnter={[Function]}
      onWheel={[Function]}
    >
      <i
        className="actionstoolbox-icon material-icons"
        id="ati_emoticon"
        onClick={[Function]}
        onKeyUp={[Function]}
        role="button"
        tabIndex="0"
      >
        insert_emoticon
      </i>
      <span>
        TODO Insert emoticon
      </span>
    </div>
    <div
      className="mdc-tooltype"
      onMouseEnter={[Function]}
      onWheel={[Function]}
    >
      <i
        className="actionstoolbox-icon material-icons"
        id="ati_attachment"
        onClick={[Function]}
        onKeyUp={[Function]}
        role="button"
        tabIndex="0"
      >
        attachment
      </i>
      <span>
        TODO Insert Attachment
      </span>
    </div>
  </div>
  <div
    style={
      Object {
        "borderRight": "1px solid #eeeeee",
        "display": "flex",
        "float": "left",
        "height": "22px",
        "padding": "8px 8px 4px 8px",
      }
    }
  >
    <div
      className="mdc-tooltype"
      onMouseEnter={[Function]}
      onWheel={[Function]}
    >
      <i
        className="actionstoolbox-icon material-icons"
        disabled={true}
        id="atb_trash"
        onClick={[Function]}
        onKeyUp={[Function]}
        role="button"
        tabIndex="0"
      >
        delete
      </i>
      <span>
        Delete selected block
      </span>
    </div>
  </div>
  <div
    style={
      Object {
        "borderRight": "none",
        "display": "flex",
        "float": "right",
        "height": "22px",
        "padding": "0px",
      }
    }
  >
    <button
      className="mdc-button"
      disabled={false}
      id={null}
      onClick={[Function]}
      type="button"
    >
      
      cancel
    </button>
  </div>
</div>
`;

exports[`components/actionsToolbox can be disabled 1`] = `<div />`;
